[evento.minedu.gob.bo/validaCertificadoQR/322/bdb635210a9c48b920ba52f7ca4d3f46.html]
[backblue.gif]
[fade.gif]
[index.html]
[evento.minedu.gob.bo/validaCertificadoQR/322/pages/ico/60.png]
[evento.minedu.gob.bo/validaCertificadoQR/322/pages/ico/76.png]
[evento.minedu.gob.bo/validaCertificadoQR/322/pages/ico/120.png]
[evento.minedu.gob.bo/validaCertificadoQR/322/pages/ico/152.png]
[evento.minedu.gob.bo/validaCertificadoQR/322/favicon.html]
[evento.minedu.gob.bo/favicon.png]
[evento.minedu.gob.bo/vendors/pace/pace-theme-flash.css]
[evento.minedu.gob.bo/vendors/bootstrap/css/bootstrap.min.css]
[evento.minedu.gob.bo/vendors/font-awesome/css/font-awesome.css]
[evento.minedu.gob.bo/vendors/jquery-scrollbar/jquery.scrollbar.css]
[evento.minedu.gob.bo/vendors/select2/css/select2.min.css]
[evento.minedu.gob.bo/vendors/switchery/css/switchery.min.css]
[evento.minedu.gob.bo/vendors/nvd3/nv.d3.min.css]
[evento.minedu.gob.bo/vendors/rickshaw/rickshaw.min.css]
[evento.minedu.gob.bo/vendors/jquery-metrojs/MetroJs.css]
[evento.minedu.gob.bo/css/font-montserrat.css]
[evento.minedu.gob.bo/css/icons.css]
[evento.minedu.gob.bo/css/app.css]
[evento.minedu.gob.bo/img/bg_p5.jpg]
[evento.minedu.gob.bo/img/logo2021.png]
[evento.minedu.gob.bo/img/doc_ok.png]
[evento.minedu.gob.bo/validaCertificadoQR/322/bdb635210a9c48b920ba52f7ca4d3f46.html]
[evento.minedu.gob.bo/validaCertificadoQR/322/pages/ico/60.html]
[evento.minedu.gob.bo/validaCertificadoQR/322/pages/ico/76.html]
[evento.minedu.gob.bo/validaCertificadoQR/322/pages/ico/120.html]
[evento.minedu.gob.bo/validaCertificadoQR/322/pages/ico/152.html]
[evento.minedu.gob.bo/img/qr_code.png]
[evento.minedu.gob.bo/validaCertificadoQR/322/favicon.html]
[evento.minedu.gob.bo/vendors/pace/pace-theme-flash.css]
[evento.minedu.gob.bo/vendors/bootstrap/css/bootstrap.min.css]
[evento.minedu.gob.bo/vendors/font-awesome/css/font-awesome.css]
[evento.minedu.gob.bo/vendors/jquery-scrollbar/jquery.scrollbar.css]
[evento.minedu.gob.bo/vendors/select2/css/select2.min.css]
[evento.minedu.gob.bo/vendors/switchery/css/switchery.min.css]
[evento.minedu.gob.bo/vendors/nvd3/nv.d3.min.css]
[evento.minedu.gob.bo/vendors/rickshaw/rickshaw.min.css]
[evento.minedu.gob.bo/vendors/jquery-metrojs/images/metroIcons_light.jpg]
[evento.minedu.gob.bo/vendors/jquery-metrojs/images/metroIcons.jpg]
[evento.minedu.gob.bo/vendors/jquery-metrojs/MetroJs.css]
[evento.minedu.gob.bo/css/font-montserrat.css]
[evento.minedu.gob.bo/css/icons.css]
[evento.minedu.gob.bo/img/notes_lines.png]
[evento.minedu.gob.bo/img/icons/top_tray.png]
[evento.minedu.gob.bo/img/logo_white.png]
[evento.minedu.gob.bo/img/icons/top_tray_bluish.png]
[evento.minedu.gob.bo/img/icons/noti-cross.png]
[evento.minedu.gob.bo/img/editor_tray.png]
[evento.minedu.gob.bo/img/icons/sort_asc.png]
[evento.minedu.gob.bo/img/icons/sort_desc.png]
[evento.minedu.gob.bo/img/icons/sort_both.png]
[evento.minedu.gob.bo/img/icons/sort_asc_disabled.png]
[evento.minedu.gob.bo/img/icons/sort_desc_disabled.png]
[evento.minedu.gob.bo/img/linear_gradient.png]
[evento.minedu.gob.bo/img/dashboard/pages_hero.jpg]
[evento.minedu.gob.bo/img/social/person-cropped.jpg]
[evento.minedu.gob.bo/img/social/quote.jpg]
[evento.minedu.gob.bo/img/icons/top_tray_2x.png]
[evento.minedu.gob.bo/img/editor_tray_2x.png]
[evento.minedu.gob.bo/img/icons/noti-cross-2x.png]
[evento.minedu.gob.bo/css/app.css]
[evento.minedu.gob.bo/img/bg_p5.html]
[evento.minedu.gob.bo/img/notes_lines.html]
[evento.minedu.gob.bo/img/icons/top_tray_bluish.html]
[evento.minedu.gob.bo/img/dashboard/pages_hero.html]
